// Jest Snapshot v1, https://goo.gl/fbAQLP

exports[`Should test HomeScreen  snapshot render correctly 1`] = `
<View
  style={
    Object {
      "flex": 1,
    }
  }
>
  <View
    style={
      Object {
        "alignItems": "center",
        "backgroundColor": "#0088cc",
        "height": 60,
        "justifyContent": "center",
        "width": "100%",
      }
    }
  >
    <Text
      style={
        Object {
          "color": "white",
          "fontSize": 26,
          "fontWeight": "700",
        }
      }
    >
      Zeca Chaceiro
    </Text>
  </View>
  <View
    style={
      Object {
        "alignItems": "center",
        "flex": 1,
        "justifyContent": "center",
        "padding": 10,
      }
    }
  >
    <Text
      style={
        Object {
          "fontSize": 26,
          "textAlign": "center",
        }
      }
    >
      Hey, onde vamos beber hoje?
    </Text>
    <TextInput
      allowFontScaling={true}
      onChangeText={[Function]}
      placeholder="Digite seu endereÃ§o aqui"
      rejectResponderTermination={true}
      style={
        Object {
          "backgroundColor": "white",
          "borderColor": "#0055cc",
          "borderRadius": 10,
          "borderWidth": 2,
          "height": 60,
          "marginVertical": 10,
          "padding": 5,
          "paddingLeft": 15,
          "width": "100%",
        }
      }
      underlineColorAndroid="transparent"
    />
    <View
      accessible={true}
      focusable={true}
      onClick={[Function]}
      onResponderGrant={[Function]}
      onResponderMove={[Function]}
      onResponderRelease={[Function]}
      onResponderTerminate={[Function]}
      onResponderTerminationRequest={[Function]}
      onStartShouldSetResponder={[Function]}
      style={
        Object {
          "alignItems": "center",
          "backgroundColor": "white",
          "borderRadius": 10,
          "height": 60,
          "justifyContent": "center",
          "width": 200,
        }
      }
    >
      <Text
        style={
          Object {
            "color": "#0055cc",
            "fontSize": 26,
            "fontWeight": "600",
          }
        }
      >
        Buscar
      </Text>
    </View>
  </View>
</View>
`;
