// Jest Snapshot v1, https://goo.gl/fbAQLP

exports[`Should test Card Component  snapshot render correctly 1`] = `
<View
  style={
    Object {
      "alignItems": "center",
      "backgroundColor": "white",
      "borderRadius": 5,
      "flex": 1,
      "height": 250,
      "marginHorizontal": 2,
      "marginVertical": 5,
      "padding": 5,
      "width": 357.1428571428571,
    }
  }
>
  <Image
    onError={[Function]}
    source={
      Object {
        "uri": "mock-image",
      }
    }
    style={
      Object {
        "flex": 1,
        "height": 200,
        "resizeMode": "contain",
        "width": "100%",
      }
    }
  />
  <Text
    style={
      Object {
        "color": "#212121",
        "fontSize": 16,
        "fontWeight": "bold",
        "textAlign": "center",
      }
    }
  >
    TÃ­tulo
  </Text>
  <Text
    styles={
      Object {
        "color": "#757575",
        "fontSize": 14,
        "textAlign": "center",
      }
    }
  >
    R$ 10,50
  </Text>
  <View
    style={
      Object {
        "alignItems": "center",
        "flexDirection": "row",
        "justifyContent": "space-around",
        "width": "70%",
      }
    }
  >
    <View
      accessible={true}
      focusable={true}
      onClick={[Function]}
      onResponderGrant={[Function]}
      onResponderMove={[Function]}
      onResponderRelease={[Function]}
      onResponderTerminate={[Function]}
      onResponderTerminationRequest={[Function]}
      onStartShouldSetResponder={[Function]}
      style={
        Object {
          "alignItems": "center",
          "backgroundColor": "#757575",
          "borderRadius": 100,
          "height": 40,
          "justifyContent": "center",
          "opacity": 1,
          "width": 40,
        }
      }
    >
      <Text
        style={
          Object {
            "color": "white",
            "fontSize": 30,
            "textAlign": "center",
          }
        }
      >
        -
      </Text>
    </View>
    <Text>
      0
    </Text>
    <View
      accessible={true}
      focusable={true}
      onClick={[Function]}
      onResponderGrant={[Function]}
      onResponderMove={[Function]}
      onResponderRelease={[Function]}
      onResponderTerminate={[Function]}
      onResponderTerminationRequest={[Function]}
      onStartShouldSetResponder={[Function]}
      style={
        Object {
          "alignItems": "center",
          "backgroundColor": "#757575",
          "borderRadius": 100,
          "height": 40,
          "justifyContent": "center",
          "opacity": 1,
          "width": 40,
        }
      }
    >
      <Text
        style={
          Object {
            "color": "white",
            "fontSize": 30,
            "textAlign": "center",
          }
        }
      >
        +
      </Text>
    </View>
  </View>
</View>
`;
